// Jest Snapshot v1, https://goo.gl/fbAQLP

exports[`Input Should be render a Input with attributes 1`] = `
<input
  placeholder="Digite aqui..."
  type="text"
  value="input"
/>
`;
